2025-10-18 18:15:13,767 - INFO - 数据库表结构初始化完成
2025-10-18 18:15:13,768 - INFO - 发现 22 个CSV文件，开始批量导入...
2025-10-18 18:15:13,820 - INFO - 导入成功: AGRICULTURAL SCIENCES (1331 行数据)
2025-10-18 18:15:13,851 - INFO - 导入成功: BIOLOGY & BIOCHEMISTRY (1601 行数据)
2025-10-18 18:15:13,878 - INFO - 导入成功: CHEMISTRY (2094 行数据)
2025-10-18 18:15:13,933 - INFO - 导入成功: CLINICAL MEDICINE (4459 行数据)
2025-10-18 18:15:13,956 - INFO - 导入成功: COMPUTER SCIENCE (839 行数据)
2025-10-18 18:15:13,968 - INFO - 导入成功: ECONOMICS & BUSINESS (537 行数据)
2025-10-18 18:15:14,024 - INFO - 导入成功: ENGINEERING (2673 行数据)
2025-10-18 18:15:14,054 - INFO - 导入成功: ENVIRONMENT ECOLOGY (1988 行数据)
2025-10-18 18:15:14,077 - INFO - 导入成功: GEOSCIENCES (1142 行数据)
2025-10-18 18:15:14,100 - INFO - 导入成功: IMMUNOLOGY (1145 行数据)
2025-10-18 18:15:14,129 - INFO - 导入成功: MATERIALS SCIENCE (1550 行数据)
2025-10-18 18:15:14,149 - INFO - 导入成功: MATHEMATICS (385 行数据)
2025-10-18 18:15:14,168 - INFO - 导入成功: MICROBIOLOGY (785 行数据)
2025-10-18 18:15:14,190 - INFO - 导入成功: MOLECULAR BIOLOGY & GENETICS (1142 行数据)
2025-10-18 18:15:14,207 - INFO - 导入成功: MULTIDISCIPLINARY (214 行数据)
2025-10-18 18:15:14,228 - INFO - 导入成功: NEUROSCIENCE & BEHAVIOR (1240 行数据)
2025-10-18 18:15:14,256 - INFO - 导入成功: PHARMACOLOGY & TOXICOLOGY (1353 行数据)
2025-10-18 18:15:14,276 - INFO - 导入成功: PHYSICS (973 行数据)
2025-10-18 18:15:14,310 - INFO - 导入成功: PLANT & ANIMAL SCIENCE (1869 行数据)
2025-10-18 18:15:14,349 - INFO - 导入成功: PSYCHIATRY PSYCHOLOGY (1108 行数据)
2025-10-18 18:15:14,380 - INFO - 导入成功: SOCIAL SCIENCES, GENERAL (2300 行数据)
2025-10-18 18:15:14,404 - INFO - 导入成功: SPACE SCIENCE (232 行数据)
2025-10-18 18:15:14,410 - INFO - 华东师范大学分析完成 (找到 17 条记录)
2025-10-18 18:15:14,422 - INFO - 中国大陆高校分析完成 (涵盖 22 个学科)
2025-10-18 18:15:14,433 - INFO - 全球地区分析完成 (找到 1536 条地区-学科记录)
2025-10-18 18:15:15,385 - INFO - 分析结果已成功导出到: D:\vsc\数据科学与大数据技术导论\download\download\analysis_results.xlsx
2025-10-18 18:25:27,943 - INFO - 数据库表结构初始化完成
2025-10-18 18:25:27,943 - INFO - 发现 22 个CSV文件，开始批量导入...
2025-10-18 18:25:27,995 - INFO - 导入成功: AGRICULTURAL SCIENCES (1331 行数据)
2025-10-18 18:25:28,015 - INFO - 导入成功: BIOLOGY & BIOCHEMISTRY (1601 行数据)
2025-10-18 18:25:28,049 - INFO - 导入成功: CHEMISTRY (2094 行数据)
2025-10-18 18:25:28,099 - INFO - 导入成功: CLINICAL MEDICINE (4459 行数据)
2025-10-18 18:25:28,113 - INFO - 导入成功: COMPUTER SCIENCE (839 行数据)
2025-10-18 18:25:28,140 - INFO - 导入成功: ECONOMICS & BUSINESS (537 行数据)
2025-10-18 18:25:28,178 - INFO - 导入成功: ENGINEERING (2673 行数据)
2025-10-18 18:25:28,211 - INFO - 导入成功: ENVIRONMENT ECOLOGY (1988 行数据)
2025-10-18 18:25:28,232 - INFO - 导入成功: GEOSCIENCES (1142 行数据)
2025-10-18 18:25:28,253 - INFO - 导入成功: IMMUNOLOGY (1145 行数据)
2025-10-18 18:25:28,281 - INFO - 导入成功: MATERIALS SCIENCE (1550 行数据)
2025-10-18 18:25:28,298 - INFO - 导入成功: MATHEMATICS (385 行数据)
2025-10-18 18:25:28,324 - INFO - 导入成功: MICROBIOLOGY (785 行数据)
2025-10-18 18:25:28,351 - INFO - 导入成功: MOLECULAR BIOLOGY & GENETICS (1142 行数据)
2025-10-18 18:25:28,367 - INFO - 导入成功: MULTIDISCIPLINARY (214 行数据)
2025-10-18 18:25:28,402 - INFO - 导入成功: NEUROSCIENCE & BEHAVIOR (1240 行数据)
2025-10-18 18:25:28,428 - INFO - 导入成功: PHARMACOLOGY & TOXICOLOGY (1353 行数据)
2025-10-18 18:25:28,451 - INFO - 导入成功: PHYSICS (973 行数据)
2025-10-18 18:25:28,483 - INFO - 导入成功: PLANT & ANIMAL SCIENCE (1869 行数据)
2025-10-18 18:25:28,508 - INFO - 导入成功: PSYCHIATRY PSYCHOLOGY (1108 行数据)
2025-10-18 18:25:28,542 - INFO - 导入成功: SOCIAL SCIENCES, GENERAL (2300 行数据)
2025-10-18 18:25:28,561 - INFO - 导入成功: SPACE SCIENCE (232 行数据)
2025-10-18 18:25:28,575 - INFO - 华东师范大学分析完成 (找到 17 条记录)
2025-10-18 18:25:28,584 - INFO - 中国大陆高校分析完成 (涵盖 22 个学科)
2025-10-18 18:25:28,610 - INFO - 全球地区分析完成 (找到 1536 条地区-学科记录)
2025-10-18 18:25:29,336 - INFO - 分析结果已成功导出到: D:\vsc\数据科学与大数据技术导论\download\download\analysis_results.xlsx
